Using pre-set license
Built from '2021.3/staging' branch; Version is '2021.3.37f1 (3b6005ad5ad6) revision 3891205'; Using compiler version '192829333'; Build Type 'Release'
OS: 'Windows 11  (10.0.22631) 64bit Professional' Language: 'en' Physical Memory: 16068 MB
BatchMode: 1, IsHumanControllingUs: 0, StartBugReporterOnCrash: 0, Is64bit: 1, IsPro: 1

COMMAND LINE ARGUMENTS:
C:\Program Files\Unity\Hub\Editor\2021.3.37f1\Editor\Unity.exe
-adb2
-batchMode
-noUpm
-name
AssetImportWorker0
-projectPath
C:/Users/nikik/Documents/GitHub/Ros2RhinoUnity/Ros2RhinoUnity
-logFile
Logs/AssetImportWorker0.log
-srvPort
59123
Successfully changed project path to: C:/Users/nikik/Documents/GitHub/Ros2RhinoUnity/Ros2RhinoUnity
C:/Users/nikik/Documents/GitHub/Ros2RhinoUnity/Ros2RhinoUnity
[UnityMemory] Configuration Parameters - Can be set up in boot.config
    "memorysetup-bucket-allocator-granularity=16"
    "memorysetup-bucket-allocator-bucket-count=8"
    "memorysetup-bucket-allocator-block-size=33554432"
    "memorysetup-bucket-allocator-block-count=8"
    "memorysetup-main-allocator-block-size=16777216"
    "memorysetup-thread-allocator-block-size=16777216"
    "memorysetup-gfx-main-allocator-block-size=16777216"
    "memorysetup-gfx-thread-allocator-block-size=16777216"
    "memorysetup-cache-allocator-block-size=4194304"
    "memorysetup-typetree-allocator-block-size=2097152"
    "memorysetup-profiler-bucket-allocator-granularity=16"
    "memorysetup-profiler-bucket-allocator-bucket-count=8"
    "memorysetup-profiler-bucket-allocator-block-size=33554432"
    "memorysetup-profiler-bucket-allocator-block-count=8"
    "memorysetup-profiler-allocator-block-size=16777216"
    "memorysetup-profiler-editor-allocator-block-size=1048576"
    "memorysetup-temp-allocator-size-main=16777216"
    "memorysetup-job-temp-allocator-block-size=2097152"
    "memorysetup-job-temp-allocator-block-size-background=1048576"
    "memorysetup-job-temp-allocator-reduction-small-platforms=262144"
    "memorysetup-temp-allocator-size-background-worker=32768"
    "memorysetup-temp-allocator-size-job-worker=262144"
    "memorysetup-temp-allocator-size-preload-manager=33554432"
    "memorysetup-temp-allocator-size-nav-mesh-worker=65536"
    "memorysetup-temp-allocator-size-audio-worker=65536"
    "memorysetup-temp-allocator-size-cloud-worker=32768"
    "memorysetup-temp-allocator-size-gi-baking-worker=262144"
    "memorysetup-temp-allocator-size-gfx=262144"
Player connection [79276] Host "[IP] 192.168.56.1 [Port] 0 [Flags] 2 [Guid] 2264323324 [EditorId] 2264323324 [Version] 1048832 [Id] WindowsEditor(7,DESKTOP-8KHBJ25) [Debug] 1 [PackageName] WindowsEditor [ProjectName] Editor" joined multi-casting on [225.0.0.222:54997]...

Player connection [79276] Host "[IP] 192.168.56.1 [Port] 0 [Flags] 2 [Guid] 2264323324 [EditorId] 2264323324 [Version] 1048832 [Id] WindowsEditor(7,DESKTOP-8KHBJ25) [Debug] 1 [PackageName] WindowsEditor [ProjectName] Editor" joined alternative multi-casting on [225.0.0.222:34997]...

[Physics::Module] Initialized MultithreadedJobDispatcher with {0} workers.
Refreshing native plugins compatible for Editor in 49.30 ms, found 5 plugins.
Preloading 0 native plugins for Editor in 0.00 ms.
Initialize engine version: 2021.3.37f1 (3b6005ad5ad6)
[Subsystems] Discovering subsystems at path C:/Program Files/Unity/Hub/Editor/2021.3.37f1/Editor/Data/Resources/UnitySubsystems
[Subsystems] Discovering subsystems at path C:/Users/nikik/Documents/GitHub/Ros2RhinoUnity/Ros2RhinoUnity/Assets
GfxDevice: creating device client; threaded=0; jobified=0
Direct3D:
    Version:  Direct3D 11.0 [level 11.1]
    Renderer: Intel(R) UHD Graphics (ID=0xa78b)
    Vendor:   Intel
    VRAM:     8034 MB
    Driver:   31.0.101.5382
Initialize mono
Mono path[0] = 'C:/Program Files/Unity/Hub/Editor/2021.3.37f1/Editor/Data/Managed'
Mono path[1] = 'C:/Program Files/Unity/Hub/Editor/2021.3.37f1/Editor/Data/MonoBleedingEdge/lib/mono/unityjit-win32'
Mono config path = 'C:/Program Files/Unity/Hub/Editor/2021.3.37f1/Editor/Data/MonoBleedingEdge/etc'
Using monoOptions --debugger-agent=transport=dt_socket,embedding=1,server=y,suspend=n,address=127.0.0.1:56756
Begin MonoManager ReloadAssembly
Registering precompiled unity dll's ...
Register platform support module: C:/Program Files/Unity/Hub/Editor/2021.3.37f1/Editor/Data/PlaybackEngines/WindowsStandaloneSupport/UnityEditor.WindowsStandalone.Extensions.dll
Register platform support module: C:/Program Files/Unity/Hub/Editor/2021.3.37f1/Editor/Data/PlaybackEngines/MetroSupport/UnityEditor.UWP.Extensions.dll
Registered in 0.005170 seconds.
Native extension for UWP target not found
Native extension for WindowsStandalone target not found
Refreshing native plugins compatible for Editor in 37.92 ms, found 5 plugins.
Preloading 0 native plugins for Editor in 0.00 ms.
Mono: successfully reloaded assembly
- Completed reload, in  0.792 seconds
Domain Reload Profiling:
	ReloadAssembly (793ms)
		BeginReloadAssembly (116ms)
			ExecutionOrderSort (0ms)
			DisableScriptedObjects (0ms)
			BackupInstance (0ms)
			ReleaseScriptingObjects (0ms)
			CreateAndSetChildDomain (1ms)
		EndReloadAssembly (553ms)
			LoadAssemblies (114ms)
			RebuildTransferFunctionScriptingTraits (0ms)
			SetupTypeCache (130ms)
			ReleaseScriptCaches (0ms)
			RebuildScriptCaches (34ms)
			SetupLoadedEditorAssemblies (333ms)
				LogAssemblyErrors (0ms)
				InitializePlatformSupportModulesInManaged (10ms)
				SetLoadedEditorAssemblies (0ms)
				RefreshPlugins (38ms)
				BeforeProcessingInitializeOnLoad (2ms)
				ProcessInitializeOnLoadAttributes (179ms)
				ProcessInitializeOnLoadMethodAttributes (104ms)
				AfterProcessingInitializeOnLoad (0ms)
				EditorAssembliesLoaded (0ms)
			ExecutionOrderSort2 (0ms)
			AwakeInstancesAfterBackupRestoration (0ms)
Platform modules already initialized, skipping
Registering precompiled user dll's ...
Registered in 0.004375 seconds.
Begin MonoManager ReloadAssembly
Symbol file data-000001F9C6CE0FC0 doesn't match image C:\Users\nikik\Documents\GitHub\Ros2RhinoUnity\Ros2RhinoUnity\Library\ScriptAssemblies\Unity.Robotics.ROSTCPConnector.dll
Symbol file LoadedFromMemory is not a mono symbol file
Symbol file data-000001F9C6CEC5D0 doesn't match image C:\Users\nikik\Documents\GitHub\Ros2RhinoUnity\Ros2RhinoUnity\Library\ScriptAssemblies\Unity.VSCode.Editor.dll
Symbol file LoadedFromMemory is not a mono symbol file
Symbol file data-000001F9C901A830 doesn't match image C:\Users\nikik\Documents\GitHub\Ros2RhinoUnity\Ros2RhinoUnity\Library\ScriptAssemblies\Unity.TextMeshPro.Editor.dll
Symbol file LoadedFromMemory is not a mono symbol file
Symbol file data-000001F9C901A830 doesn't match image C:\Users\nikik\Documents\GitHub\Ros2RhinoUnity\Ros2RhinoUnity\Library\ScriptAssemblies\Unity.VisualStudio.Editor.dll
Symbol file LoadedFromMemory is not a mono symbol file
Symbol file data-000001F9C901A830 doesn't match image C:\Users\nikik\Documents\GitHub\Ros2RhinoUnity\Ros2RhinoUnity\Library\ScriptAssemblies\Unity.Robotics.UrdfImporter.Editor.dll
Symbol file LoadedFromMemory is not a mono symbol file
Symbol file data-000001F9C901A830 doesn't match image C:\Users\nikik\Documents\GitHub\Ros2RhinoUnity\Ros2RhinoUnity\Library\ScriptAssemblies\Unity.Sysroot.Linux_x86_64.dll
Symbol file LoadedFromMemory is not a mono symbol file
Symbol file data-000001F9C901A830 doesn't match image C:\Users\nikik\Documents\GitHub\Ros2RhinoUnity\Ros2RhinoUnity\Library\ScriptAssemblies\vhacd.dll
Symbol file LoadedFromMemory is not a mono symbol file
Symbol file data-000001F9C6267C60 doesn't match image C:\Users\nikik\Documents\GitHub\Ros2RhinoUnity\Ros2RhinoUnity\Library\ScriptAssemblies\Unity.Robotics.UrdfImporter.dll
Symbol file LoadedFromMemory is not a mono symbol file
Symbol file data-000001F9C6657010 doesn't match image C:\Users\nikik\Documents\GitHub\Ros2RhinoUnity\Ros2RhinoUnity\Library\ScriptAssemblies\Unity.Timeline.Editor.dll
Symbol file LoadedFromMemory is not a mono symbol file
Symbol file data-000001F9C6AEC030 doesn't match image C:\Users\nikik\Documents\GitHub\Ros2RhinoUnity\Ros2RhinoUnity\Library\ScriptAssemblies\Unity.Timeline.dll
Symbol file LoadedFromMemory is not a mono symbol file
Symbol file data-000001F9C6AEC030 doesn't match image C:\Users\nikik\Documents\GitHub\Ros2RhinoUnity\Ros2RhinoUnity\Library\ScriptAssemblies\Unity.Robotics.ROSTCPConnector.Editor.dll
Symbol file LoadedFromMemory is not a mono symbol file
Symbol file data-000001F9C6677C20 doesn't match image C:\Users\nikik\Documents\GitHub\Ros2RhinoUnity\Ros2RhinoUnity\Library\ScriptAssemblies\Unity.TextMeshPro.dll
Symbol file LoadedFromMemory is not a mono symbol file
Symbol file data-000001F9C6AEC030 doesn't match image C:\Users\nikik\Documents\GitHub\Ros2RhinoUnity\Ros2RhinoUnity\Library\ScriptAssemblies\Unity.CollabProxy.Editor.dll
Symbol file LoadedFromMemory is not a mono symbol file
Symbol file data-000001F9C66A7A30 doesn't match image C:\Users\nikik\Documents\GitHub\Ros2RhinoUnity\Ros2RhinoUnity\Library\ScriptAssemblies\Unity.Toolchain.Linux-x86_64.dll
Symbol file LoadedFromMemory is not a mono symbol file
Symbol file data-000001F9C8E75E40 doesn't match image C:\Users\nikik\Documents\GitHub\Ros2RhinoUnity\Ros2RhinoUnity\Library\ScriptAssemblies\UnityEditor.UI.dll
Symbol file LoadedFromMemory is not a mono symbol file
Symbol file data-000001F9C8E75E40 doesn't match image C:\Users\nikik\Documents\GitHub\Ros2RhinoUnity\Ros2RhinoUnity\Library\ScriptAssemblies\Unity.Robotics.ROSTCPConnector.Messages.dll
Symbol file LoadedFromMemory is not a mono symbol file
Symbol file data-000001F9C8A6B430 doesn't match image C:\Users\nikik\Documents\GitHub\Ros2RhinoUnity\Ros2RhinoUnity\Library\ScriptAssemblies\UnityEngine.UI.dll
Symbol file LoadedFromMemory is not a mono symbol file
Symbol file data-000001F9C8FA4C20 doesn't match image C:\Users\nikik\Documents\GitHub\Ros2RhinoUnity\Ros2RhinoUnity\Library\ScriptAssemblies\Unity.Robotics.ROSTCPConnector.MessageGeneration.dll
Symbol file LoadedFromMemory is not a mono symbol file
Symbol file data-000001F9C8E97ED0 doesn't match image C:\Users\nikik\Documents\GitHub\Ros2RhinoUnity\Ros2RhinoUnity\Library\ScriptAssemblies\Unity.SysrootPackage.Editor.dll
Symbol file LoadedFromMemory is not a mono symbol file
Symbol file data-000001F9C8FA4C20 doesn't match image C:\Users\nikik\Documents\GitHub\Ros2RhinoUnity\Ros2RhinoUnity\Library\ScriptAssemblies\Unity.EditorCoroutines.Editor.dll
Symbol file LoadedFromMemory is not a mono symbol file
Native extension for UWP target not found
Native extension for WindowsStandalone target not found
Refreshing native plugins compatible for Editor in 49.03 ms, found 5 plugins.
Preloading 0 native plugins for Editor in 0.00 ms.
Package Manager log level set to [2]
[Package Manager] Server::EnsureServerProcessIsRunning -- launch failed, reason: Unity was launched with the -noUpm command-line argument
[Package Manager] Cannot connect to Unity Package Manager local server
Mono: successfully reloaded assembly
- Completed reload, in  1.705 seconds
Domain Reload Profiling:
	ReloadAssembly (1707ms)
		BeginReloadAssembly (176ms)
			ExecutionOrderSort (0ms)
			DisableScriptedObjects (7ms)
			BackupInstance (0ms)
			ReleaseScriptingObjects (0ms)
			CreateAndSetChildDomain (23ms)
		EndReloadAssembly (1423ms)
			LoadAssemblies (134ms)
			RebuildTransferFunctionScriptingTraits (0ms)
			SetupTypeCache (255ms)
			ReleaseScriptCaches (0ms)
			RebuildScriptCaches (55ms)
			SetupLoadedEditorAssemblies (939ms)
				LogAssemblyErrors (0ms)
				InitializePlatformSupportModulesInManaged (6ms)
				SetLoadedEditorAssemblies (0ms)
				RefreshPlugins (49ms)
				BeforeProcessingInitializeOnLoad (103ms)
				ProcessInitializeOnLoadAttributes (723ms)
				ProcessInitializeOnLoadMethodAttributes (49ms)
				AfterProcessingInitializeOnLoad (8ms)
				EditorAssembliesLoaded (0ms)
			ExecutionOrderSort2 (0ms)
			AwakeInstancesAfterBackupRestoration (8ms)
Platform modules already initialized, skipping
========================================================================
Worker process is ready to serve import requests
Launched and connected shader compiler UnityShaderCompiler.exe after 0.07 seconds
Refreshing native plugins compatible for Editor in 0.59 ms, found 5 plugins.
Preloading 0 native plugins for Editor in 0.00 ms.
Unloading 1743 Unused Serialized files (Serialized files now loaded: 0)
Unloading 30 unused Assets / (46.4 KB). Loaded Objects now: 2197.
Memory consumption went from 75.7 MB to 75.7 MB.
Total: 3.561700 ms (FindLiveObjects: 0.160400 ms CreateObjectMapping: 0.045500 ms MarkObjects: 3.222100 ms  DeleteObjects: 0.131300 ms)

AssetImportParameters requested are different than current active one (requested -> active):
  custom:video-decoder-ogg-theora: a1e56fd34408186e4bbccfd4996cb3dc -> 
  custom:container-muxer-webm: aa71ff27fc2769a1b78a27578f13a17b -> 
  custom:container-demuxer-webm: 4f35f7cbe854078d1ac9338744f61a02 -> 
  custom:video-encoder-webm-vp8: eb34c28f22e8b96e1ab97ce403110664 -> 
  custom:video-codec-MediaFoundation-h265: 746d11721c4dcdbdad8f713fa42b33f4 -> 
  custom:CustomObjectIndexerAttribute: bc11b3a6c3213fcdd17b65e7da85e133 -> 
  custom:audio-encoder-webm-vorbis: bf7c407c2cedff20999df2af8eb42d56 -> 
  custom:framework-win-MediaFoundation: 216162199b28c13a410421893ffa2e32 -> 
  custom:SearchIndexIgnoredProperties: e643bd26f0fe6173181afceb89e7c659 -> 
  custom:container-demuxer-ogg: 62fdf1f143b41e24485cea50d1cbac27 -> 
  custom:video-decoder-webm-vp8: 9c59270c3fd7afecdb556c50c9e8de78 -> 
  custom:audio-decoder-ogg-vorbis: bf7c407c2cedff20999df2af8eb42d56 -> 
========================================================================
Received Import Request.
  Time since last request: 716952.613570 seconds.
  path: Assets/OptiTrack Unity Plugin/optitrack-unity/OptiTrack/Scripts/OptitrackRigidBody.cs
  artifactKey: Guid(f77bc200897df4f4483b478b598b0c51) Importer(815301076,1909f56bfc062723c751e8b465ee728b)
Number of updated assets reloaded before import = 0
Start importing Assets/OptiTrack Unity Plugin/optitrack-unity/OptiTrack/Scripts/OptitrackRigidBody.cs using Guid(f77bc200897df4f4483b478b598b0c51) Importer(815301076,1909f56bfc062723c751e8b465ee728b)  -> (artifact id: '38ba4160bf429651fa644e08aa241a61') in 0.061523 seconds 
Number of asset objects unloaded after import = 0
========================================================================
Received Prepare
Registering precompiled user dll's ...
Registered in 0.003986 seconds.
Begin MonoManager ReloadAssembly
Symbol file data-000001F9C7055040 doesn't match image C:\Users\nikik\Documents\GitHub\Ros2RhinoUnity\Ros2RhinoUnity\Library\ScriptAssemblies\Unity.Robotics.ROSTCPConnector.dll
Symbol file LoadedFromMemory is not a mono symbol file
Symbol file data-000001F9C6B3CEA0 doesn't match image C:\Users\nikik\Documents\GitHub\Ros2RhinoUnity\Ros2RhinoUnity\Library\ScriptAssemblies\Unity.VSCode.Editor.dll
Symbol file LoadedFromMemory is not a mono symbol file
Symbol file data-000001F9C6B02F50 doesn't match image C:\Users\nikik\Documents\GitHub\Ros2RhinoUnity\Ros2RhinoUnity\Library\ScriptAssemblies\Unity.TextMeshPro.Editor.dll
Symbol file LoadedFromMemory is not a mono symbol file
Symbol file data-000001F9C6B3CEA0 doesn't match image C:\Users\nikik\Documents\GitHub\Ros2RhinoUnity\Ros2RhinoUnity\Library\ScriptAssemblies\Unity.VisualStudio.Editor.dll
Symbol file LoadedFromMemory is not a mono symbol file
Symbol file data-000001F9C6B3CEA0 doesn't match image C:\Users\nikik\Documents\GitHub\Ros2RhinoUnity\Ros2RhinoUnity\Library\ScriptAssemblies\Unity.Robotics.UrdfImporter.Editor.dll
Symbol file LoadedFromMemory is not a mono symbol file
Symbol file data-000001F9C7060650 doesn't match image C:\Users\nikik\Documents\GitHub\Ros2RhinoUnity\Ros2RhinoUnity\Library\ScriptAssemblies\Unity.Sysroot.Linux_x86_64.dll
Symbol file LoadedFromMemory is not a mono symbol file
Symbol file data-000001F9C7060650 doesn't match image C:\Users\nikik\Documents\GitHub\Ros2RhinoUnity\Ros2RhinoUnity\Library\ScriptAssemblies\vhacd.dll
Symbol file LoadedFromMemory is not a mono symbol file
Symbol file data-000001F9C6847A10 doesn't match image C:\Users\nikik\Documents\GitHub\Ros2RhinoUnity\Ros2RhinoUnity\Library\ScriptAssemblies\Unity.Robotics.UrdfImporter.dll
Symbol file LoadedFromMemory is not a mono symbol file
Symbol file data-000001F9CCFF1020 doesn't match image C:\Users\nikik\Documents\GitHub\Ros2RhinoUnity\Ros2RhinoUnity\Library\ScriptAssemblies\Unity.Timeline.Editor.dll
Symbol file LoadedFromMemory is not a mono symbol file
Symbol file data-000001F9C6847A10 doesn't match image C:\Users\nikik\Documents\GitHub\Ros2RhinoUnity\Ros2RhinoUnity\Library\ScriptAssemblies\Unity.Timeline.dll
Symbol file LoadedFromMemory is not a mono symbol file
Symbol file data-000001F9C6AEC030 doesn't match image C:\Users\nikik\Documents\GitHub\Ros2RhinoUnity\Ros2RhinoUnity\Library\ScriptAssemblies\Unity.Robotics.ROSTCPConnector.Editor.dll
Symbol file LoadedFromMemory is not a mono symbol file
Symbol file data-000001F9CC56FB40 doesn't match image C:\Users\nikik\Documents\GitHub\Ros2RhinoUnity\Ros2RhinoUnity\Library\ScriptAssemblies\Unity.TextMeshPro.dll
Symbol file LoadedFromMemory is not a mono symbol file
Symbol file data-000001F9C6854220 doesn't match image C:\Users\nikik\Documents\GitHub\Ros2RhinoUnity\Ros2RhinoUnity\Library\ScriptAssemblies\Unity.CollabProxy.Editor.dll
Symbol file LoadedFromMemory is not a mono symbol file
Symbol file data-000001F9C6854220 doesn't match image C:\Users\nikik\Documents\GitHub\Ros2RhinoUnity\Ros2RhinoUnity\Library\ScriptAssemblies\Unity.Toolchain.Linux-x86_64.dll
Symbol file LoadedFromMemory is not a mono symbol file
Symbol file data-000001F9C6B0AF60 doesn't match image C:\Users\nikik\Documents\GitHub\Ros2RhinoUnity\Ros2RhinoUnity\Library\ScriptAssemblies\UnityEditor.UI.dll
Symbol file LoadedFromMemory is not a mono symbol file
Symbol file data-000001F9C901FD10 doesn't match image C:\Users\nikik\Documents\GitHub\Ros2RhinoUnity\Ros2RhinoUnity\Library\ScriptAssemblies\Unity.Robotics.ROSTCPConnector.Messages.dll
Symbol file LoadedFromMemory is not a mono symbol file
Symbol file data-000001F9C8567010 doesn't match image C:\Users\nikik\Documents\GitHub\Ros2RhinoUnity\Ros2RhinoUnity\Library\ScriptAssemblies\UnityEngine.UI.dll
Symbol file LoadedFromMemory is not a mono symbol file
Symbol file data-000001F9C6393D40 doesn't match image C:\Users\nikik\Documents\GitHub\Ros2RhinoUnity\Ros2RhinoUnity\Library\ScriptAssemblies\Unity.Robotics.ROSTCPConnector.MessageGeneration.dll
Symbol file LoadedFromMemory is not a mono symbol file
Symbol file data-000001F9C6B12F70 doesn't match image C:\Users\nikik\Documents\GitHub\Ros2RhinoUnity\Ros2RhinoUnity\Library\ScriptAssemblies\Unity.SysrootPackage.Editor.dll
Symbol file LoadedFromMemory is not a mono symbol file
Symbol file data-000001F9C63DB4A0 doesn't match image C:\Users\nikik\Documents\GitHub\Ros2RhinoUnity\Ros2RhinoUnity\Library\ScriptAssemblies\Unity.EditorCoroutines.Editor.dll
Symbol file LoadedFromMemory is not a mono symbol file
Native extension for UWP target not found
Native extension for WindowsStandalone target not found
Refreshing native plugins compatible for Editor in 1.73 ms, found 5 plugins.
Preloading 0 native plugins for Editor in 0.00 ms.
[Package Manager] Server::EnsureServerProcessIsRunning -- launch failed, reason: Unity was launched with the -noUpm command-line argument
[Package Manager] Cannot connect to Unity Package Manager local server
Mono: successfully reloaded assembly
- Completed reload, in  1.526 seconds
Domain Reload Profiling:
	ReloadAssembly (1527ms)
		BeginReloadAssembly (190ms)
			ExecutionOrderSort (0ms)
			DisableScriptedObjects (7ms)
			BackupInstance (0ms)
			ReleaseScriptingObjects (0ms)
			CreateAndSetChildDomain (52ms)
		EndReloadAssembly (1230ms)
			LoadAssemblies (110ms)
			RebuildTransferFunctionScriptingTraits (0ms)
			SetupTypeCache (262ms)
			ReleaseScriptCaches (1ms)
			RebuildScriptCaches (42ms)
			SetupLoadedEditorAssemblies (792ms)
				LogAssemblyErrors (0ms)
				InitializePlatformSupportModulesInManaged (7ms)
				SetLoadedEditorAssemblies (1ms)
				RefreshPlugins (2ms)
				BeforeProcessingInitializeOnLoad (82ms)
				ProcessInitializeOnLoadAttributes (647ms)
				ProcessInitializeOnLoadMethodAttributes (46ms)
				AfterProcessingInitializeOnLoad (7ms)
				EditorAssembliesLoaded (0ms)
			ExecutionOrderSort2 (0ms)
			AwakeInstancesAfterBackupRestoration (8ms)
Platform modules already initialized, skipping
Refreshing native plugins compatible for Editor in 0.60 ms, found 5 plugins.
Preloading 0 native plugins for Editor in 0.00 ms.
Unloading 1736 Unused Serialized files (Serialized files now loaded: 0)
Unloading 25 unused Assets / (21.9 KB). Loaded Objects now: 2200.
Memory consumption went from 75.2 MB to 75.2 MB.
Total: 3.342800 ms (FindLiveObjects: 0.183500 ms CreateObjectMapping: 0.044900 ms MarkObjects: 3.082100 ms  DeleteObjects: 0.030900 ms)

AssetImportParameters requested are different than current active one (requested -> active):
  custom:video-decoder-ogg-theora: a1e56fd34408186e4bbccfd4996cb3dc -> 
  custom:container-muxer-webm: aa71ff27fc2769a1b78a27578f13a17b -> 
  custom:container-demuxer-webm: 4f35f7cbe854078d1ac9338744f61a02 -> 
  custom:video-encoder-webm-vp8: eb34c28f22e8b96e1ab97ce403110664 -> 
  custom:video-codec-MediaFoundation-h265: 746d11721c4dcdbdad8f713fa42b33f4 -> 
  custom:CustomObjectIndexerAttribute: bc11b3a6c3213fcdd17b65e7da85e133 -> 
  custom:audio-encoder-webm-vorbis: bf7c407c2cedff20999df2af8eb42d56 -> 
  custom:framework-win-MediaFoundation: 216162199b28c13a410421893ffa2e32 -> 
  custom:SearchIndexIgnoredProperties: e643bd26f0fe6173181afceb89e7c659 -> 
  custom:container-demuxer-ogg: 62fdf1f143b41e24485cea50d1cbac27 -> 
  custom:video-decoder-webm-vp8: 9c59270c3fd7afecdb556c50c9e8de78 -> 
  custom:audio-decoder-ogg-vorbis: bf7c407c2cedff20999df2af8eb42d56 -> 
========================================================================
Received Prepare
Registering precompiled user dll's ...
Registered in 0.004012 seconds.
Begin MonoManager ReloadAssembly
Symbol file data-000001F9CCE2F190 doesn't match image C:\Users\nikik\Documents\GitHub\Ros2RhinoUnity\Ros2RhinoUnity\Library\ScriptAssemblies\Unity.Robotics.ROSTCPConnector.dll
Symbol file LoadedFromMemory is not a mono symbol file
Symbol file data-000001F9CBD25B30 doesn't match image C:\Users\nikik\Documents\GitHub\Ros2RhinoUnity\Ros2RhinoUnity\Library\ScriptAssemblies\Unity.VSCode.Editor.dll
Symbol file LoadedFromMemory is not a mono symbol file
Symbol file data-000001F9C6B02F50 doesn't match image C:\Users\nikik\Documents\GitHub\Ros2RhinoUnity\Ros2RhinoUnity\Library\ScriptAssemblies\Unity.TextMeshPro.Editor.dll
Symbol file LoadedFromMemory is not a mono symbol file
Symbol file data-000001F9C702D010 doesn't match image C:\Users\nikik\Documents\GitHub\Ros2RhinoUnity\Ros2RhinoUnity\Library\ScriptAssemblies\Unity.VisualStudio.Editor.dll
Symbol file LoadedFromMemory is not a mono symbol file
Symbol file data-000001F9C63D48A0 doesn't match image C:\Users\nikik\Documents\GitHub\Ros2RhinoUnity\Ros2RhinoUnity\Library\ScriptAssemblies\Unity.Robotics.UrdfImporter.Editor.dll
Symbol file LoadedFromMemory is not a mono symbol file
Symbol file data-000001F9C708A9B0 doesn't match image C:\Users\nikik\Documents\GitHub\Ros2RhinoUnity\Ros2RhinoUnity\Library\ScriptAssemblies\Unity.Sysroot.Linux_x86_64.dll
Symbol file LoadedFromMemory is not a mono symbol file
Symbol file data-000001F9C708A9B0 doesn't match image C:\Users\nikik\Documents\GitHub\Ros2RhinoUnity\Ros2RhinoUnity\Library\ScriptAssemblies\vhacd.dll
Symbol file LoadedFromMemory is not a mono symbol file
Symbol file data-000001F9C7055040 doesn't match image C:\Users\nikik\Documents\GitHub\Ros2RhinoUnity\Ros2RhinoUnity\Library\ScriptAssemblies\Unity.Robotics.UrdfImporter.dll
Symbol file LoadedFromMemory is not a mono symbol file
Symbol file data-000001F9CBDC1CF0 doesn't match image C:\Users\nikik\Documents\GitHub\Ros2RhinoUnity\Ros2RhinoUnity\Library\ScriptAssemblies\Unity.Timeline.Editor.dll
Symbol file LoadedFromMemory is not a mono symbol file
Symbol file data-000001F9C6AEC030 doesn't match image C:\Users\nikik\Documents\GitHub\Ros2RhinoUnity\Ros2RhinoUnity\Library\ScriptAssemblies\Unity.Timeline.dll
Symbol file LoadedFromMemory is not a mono symbol file
Symbol file data-000001F9C9AB9DD0 doesn't match image C:\Users\nikik\Documents\GitHub\Ros2RhinoUnity\Ros2RhinoUnity\Library\ScriptAssemblies\Unity.Robotics.ROSTCPConnector.Editor.dll
Symbol file LoadedFromMemory is not a mono symbol file
Symbol file data-000001F9CC56FB40 doesn't match image C:\Users\nikik\Documents\GitHub\Ros2RhinoUnity\Ros2RhinoUnity\Library\ScriptAssemblies\Unity.TextMeshPro.dll
Symbol file LoadedFromMemory is not a mono symbol file
Symbol file data-000001F9C63D48A0 doesn't match image C:\Users\nikik\Documents\GitHub\Ros2RhinoUnity\Ros2RhinoUnity\Library\ScriptAssemblies\Unity.CollabProxy.Editor.dll
Symbol file LoadedFromMemory is not a mono symbol file
Symbol file data-000001F9C63D48A0 doesn't match image C:\Users\nikik\Documents\GitHub\Ros2RhinoUnity\Ros2RhinoUnity\Library\ScriptAssemblies\Unity.Toolchain.Linux-x86_64.dll
Symbol file LoadedFromMemory is not a mono symbol file
Symbol file data-000001F9C9EF0010 doesn't match image C:\Users\nikik\Documents\GitHub\Ros2RhinoUnity\Ros2RhinoUnity\Library\ScriptAssemblies\UnityEditor.UI.dll
Symbol file LoadedFromMemory is not a mono symbol file
Symbol file data-000001F9C9133060 doesn't match image C:\Users\nikik\Documents\GitHub\Ros2RhinoUnity\Ros2RhinoUnity\Library\ScriptAssemblies\Unity.Robotics.ROSTCPConnector.Messages.dll
Symbol file LoadedFromMemory is not a mono symbol file
Symbol file data-000001F9C6164030 doesn't match image C:\Users\nikik\Documents\GitHub\Ros2RhinoUnity\Ros2RhinoUnity\Library\ScriptAssemblies\UnityEngine.UI.dll
Symbol file LoadedFromMemory is not a mono symbol file
Symbol file data-000001F9C63D48A0 doesn't match image C:\Users\nikik\Documents\GitHub\Ros2RhinoUnity\Ros2RhinoUnity\Library\ScriptAssemblies\Unity.Robotics.ROSTCPConnector.MessageGeneration.dll
Symbol file LoadedFromMemory is not a mono symbol file
Symbol file data-000001F9C63D48A0 doesn't match image C:\Users\nikik\Documents\GitHub\Ros2RhinoUnity\Ros2RhinoUnity\Library\ScriptAssemblies\Unity.SysrootPackage.Editor.dll
Symbol file LoadedFromMemory is not a mono symbol file
Symbol file data-000001F9C8FA4C20 doesn't match image C:\Users\nikik\Documents\GitHub\Ros2RhinoUnity\Ros2RhinoUnity\Library\ScriptAssemblies\Unity.EditorCoroutines.Editor.dll
Symbol file LoadedFromMemory is not a mono symbol file
Native extension for UWP target not found
Native extension for WindowsStandalone target not found
Refreshing native plugins compatible for Editor in 0.53 ms, found 5 plugins.
Preloading 0 native plugins for Editor in 0.00 ms.
[Package Manager] Server::EnsureServerProcessIsRunning -- launch failed, reason: Unity was launched with the -noUpm command-line argument
[Package Manager] Cannot connect to Unity Package Manager local server
Mono: successfully reloaded assembly
- Completed reload, in  1.522 seconds
Domain Reload Profiling:
	ReloadAssembly (1523ms)
		BeginReloadAssembly (161ms)
			ExecutionOrderSort (0ms)
			DisableScriptedObjects (6ms)
			BackupInstance (0ms)
			ReleaseScriptingObjects (0ms)
			CreateAndSetChildDomain (35ms)
		EndReloadAssembly (1259ms)
			LoadAssemblies (111ms)
			RebuildTransferFunctionScriptingTraits (0ms)
			SetupTypeCache (251ms)
			ReleaseScriptCaches (1ms)
			RebuildScriptCaches (46ms)
			SetupLoadedEditorAssemblies (813ms)
				LogAssemblyErrors (0ms)
				InitializePlatformSupportModulesInManaged (8ms)
				SetLoadedEditorAssemblies (1ms)
				RefreshPlugins (1ms)
				BeforeProcessingInitializeOnLoad (84ms)
				ProcessInitializeOnLoadAttributes (669ms)
				ProcessInitializeOnLoadMethodAttributes (44ms)
				AfterProcessingInitializeOnLoad (6ms)
				EditorAssembliesLoaded (0ms)
			ExecutionOrderSort2 (0ms)
			AwakeInstancesAfterBackupRestoration (12ms)
Platform modules already initialized, skipping
Refreshing native plugins compatible for Editor in 0.57 ms, found 5 plugins.
Preloading 0 native plugins for Editor in 0.00 ms.
Unloading 1736 Unused Serialized files (Serialized files now loaded: 0)
Unloading 25 unused Assets / (21.9 KB). Loaded Objects now: 2203.
Memory consumption went from 75.3 MB to 75.2 MB.
Total: 3.163300 ms (FindLiveObjects: 0.147400 ms CreateObjectMapping: 0.051500 ms MarkObjects: 2.936500 ms  DeleteObjects: 0.026600 ms)

AssetImportParameters requested are different than current active one (requested -> active):
  custom:video-decoder-ogg-theora: a1e56fd34408186e4bbccfd4996cb3dc -> 
  custom:container-muxer-webm: aa71ff27fc2769a1b78a27578f13a17b -> 
  custom:container-demuxer-webm: 4f35f7cbe854078d1ac9338744f61a02 -> 
  custom:video-encoder-webm-vp8: eb34c28f22e8b96e1ab97ce403110664 -> 
  custom:video-codec-MediaFoundation-h265: 746d11721c4dcdbdad8f713fa42b33f4 -> 
  custom:CustomObjectIndexerAttribute: bc11b3a6c3213fcdd17b65e7da85e133 -> 
  custom:audio-encoder-webm-vorbis: bf7c407c2cedff20999df2af8eb42d56 -> 
  custom:framework-win-MediaFoundation: 216162199b28c13a410421893ffa2e32 -> 
  custom:SearchIndexIgnoredProperties: e643bd26f0fe6173181afceb89e7c659 -> 
  custom:container-demuxer-ogg: 62fdf1f143b41e24485cea50d1cbac27 -> 
  custom:video-decoder-webm-vp8: 9c59270c3fd7afecdb556c50c9e8de78 -> 
  custom:audio-decoder-ogg-vorbis: bf7c407c2cedff20999df2af8eb42d56 -> 
